2026-10-05 00:09:39,695 - osv_monitor - INFO - 开始同步OSV漏洞数据...
2026-10-05 00:09:39,696 - osv_monitor - INFO - 正在搜索主页的生态系统列表...
2026-10-05 00:09:39,696 - osv_monitor - INFO - 正在获取 https://storage.googleapis.com/osv-vulnerabilities/index.html 页面...
2026-10-05 00:09:42,854 - osv_monitor - INFO - 找到 102 个生态系统
2026-10-05 00:09:42,856 - osv_monitor - INFO - all.zip 需要更新
2026-10-05 00:09:55,283 - osv_monitor - INFO - 下载文件 https://storage.googleapis.com/osv-vulnerabilities/all.zip 到 data/all.tmp 成功
2026-10-05 00:09:55,285 - osv_monitor - INFO - [+] 更新同步 all.zip 最后修改时间: 2026-10-05 00:03:14
2026-10-05 00:09:55,285 - osv_monitor - INFO - 已下载 all.zip
2026-10-05 00:09:55,285 - osv_monitor - INFO - [+] 同步 OSV 数据完成
2026-10-05 00:09:55,285 - osv_monitor - INFO - 同步完成
2026-10-05 00:14:24,614 - osv_monitor - INFO - 解压缩文件完成(按前缀分片): 解压 904189 个, 按前缀 ['CGA-'] 跳过 1108443 个, 清理顶层平铺残留 0 个
2026-10-05 12:09:45,430 - osv_monitor - INFO - 开始同步OSV漏洞数据...
2026-10-05 12:09:45,431 - osv_monitor - INFO - 正在搜索主页的生态系统列表...
2026-10-05 12:09:45,431 - osv_monitor - INFO - 正在获取 https://storage.googleapis.com/osv-vulnerabilities/index.html 页面...
2026-10-05 12:09:48,403 - osv_monitor - INFO - 找到 102 个生态系统
2026-10-05 12:09:48,404 - osv_monitor - INFO - all.zip 需要更新
2026-10-05 12:09:56,824 - osv_monitor - INFO - 下载文件 https://storage.googleapis.com/osv-vulnerabilities/all.zip 到 data/all.tmp 成功
2026-10-05 12:09:56,826 - osv_monitor - INFO - [+] 更新同步 all.zip 最后修改时间: 2026-10-05 12:03:14
2026-10-05 12:09:56,826 - osv_monitor - INFO - 已下载 all.zip
2026-10-05 12:09:56,826 - osv_monitor - INFO - [+] 同步 OSV 数据完成
2026-10-05 12:09:56,826 - osv_monitor - INFO - 同步完成
2026-10-05 12:16:04,240 - osv_monitor - INFO - 解压缩文件完成(按前缀分片): 解压 904436 个, 按前缀 ['CGA-'] 跳过 1108443 个, 清理顶层平铺残留 0 个
