2026-09-16 00:07:14,636 - osv_monitor - INFO - 开始同步OSV漏洞数据...
2026-09-16 00:07:14,636 - osv_monitor - INFO - 正在搜索主页的生态系统列表...
2026-09-16 00:07:14,636 - osv_monitor - INFO - 正在获取 https://storage.googleapis.com/osv-vulnerabilities/index.html 页面...
2026-09-16 00:07:16,541 - osv_monitor - INFO - 找到 102 个生态系统
2026-09-16 00:07:16,543 - osv_monitor - INFO - all.zip 需要更新
2026-09-16 00:07:30,632 - osv_monitor - INFO - 下载文件 https://storage.googleapis.com/osv-vulnerabilities/all.zip 到 data/all.tmp 成功
2026-09-16 00:07:30,634 - osv_monitor - INFO - [+] 更新同步 all.zip 最后修改时间: 2026-09-15 23:45:24
2026-09-16 00:07:30,634 - osv_monitor - INFO - 已下载 all.zip
2026-09-16 00:07:30,634 - osv_monitor - INFO - [+] 同步 OSV 数据完成
2026-09-16 00:07:30,634 - osv_monitor - INFO - 同步完成
2026-09-16 00:10:22,748 - osv_monitor - INFO - 解压缩文件完成: 解压 869660 个, 按前缀 ['CGA-'] 跳过 1062533 个
2026-09-16 12:07:47,955 - osv_monitor - INFO - 开始同步OSV漏洞数据...
2026-09-16 12:07:47,955 - osv_monitor - INFO - 正在搜索主页的生态系统列表...
2026-09-16 12:07:47,955 - osv_monitor - INFO - 正在获取 https://storage.googleapis.com/osv-vulnerabilities/index.html 页面...
2026-09-16 12:07:50,161 - osv_monitor - INFO - 找到 102 个生态系统
2026-09-16 12:07:50,163 - osv_monitor - INFO - all.zip 需要更新
2026-09-16 12:08:07,720 - osv_monitor - INFO - 下载文件 https://storage.googleapis.com/osv-vulnerabilities/all.zip 到 data/all.tmp 成功
2026-09-16 12:08:07,722 - osv_monitor - INFO - [+] 更新同步 all.zip 最后修改时间: 2026-09-16 11:58:24
2026-09-16 12:08:07,722 - osv_monitor - INFO - 已下载 all.zip
2026-09-16 12:08:07,722 - osv_monitor - INFO - [+] 同步 OSV 数据完成
2026-09-16 12:08:07,722 - osv_monitor - INFO - 同步完成
2026-09-16 12:10:50,871 - osv_monitor - INFO - 解压缩文件完成: 解压 870304 个, 按前缀 ['CGA-'] 跳过 1062718 个
