2026-09-27 00:08:44,406 - osv_monitor - INFO - 开始同步OSV漏洞数据...
2026-09-27 00:08:44,406 - osv_monitor - INFO - 正在搜索主页的生态系统列表...
2026-09-27 00:08:44,406 - osv_monitor - INFO - 正在获取 https://storage.googleapis.com/osv-vulnerabilities/index.html 页面...
2026-09-27 00:08:46,741 - osv_monitor - INFO - 找到 102 个生态系统
2026-09-27 00:08:46,742 - osv_monitor - INFO - all.zip 需要更新
2026-09-27 00:08:56,086 - osv_monitor - INFO - 下载文件 https://storage.googleapis.com/osv-vulnerabilities/all.zip 到 data/all.tmp 成功
2026-09-27 00:08:56,088 - osv_monitor - INFO - [+] 更新同步 all.zip 最后修改时间: 2026-09-26 23:37:21
2026-09-27 00:08:56,088 - osv_monitor - INFO - 已下载 all.zip
2026-09-27 00:08:56,088 - osv_monitor - INFO - [+] 同步 OSV 数据完成
2026-09-27 00:08:56,088 - osv_monitor - INFO - 同步完成
2026-09-27 00:15:00,664 - osv_monitor - INFO - 解压缩文件完成(按前缀分片): 解压 891322 个, 按前缀 ['CGA-'] 跳过 1083534 个, 清理顶层平铺残留 0 个
2026-09-27 12:07:01,156 - osv_monitor - INFO - 开始同步OSV漏洞数据...
2026-09-27 12:07:01,156 - osv_monitor - INFO - 正在搜索主页的生态系统列表...
2026-09-27 12:07:01,156 - osv_monitor - INFO - 正在获取 https://storage.googleapis.com/osv-vulnerabilities/index.html 页面...
2026-09-27 12:07:03,333 - osv_monitor - INFO - 找到 102 个生态系统
2026-09-27 12:07:03,335 - osv_monitor - INFO - all.zip 需要更新
2026-09-27 12:07:12,764 - osv_monitor - INFO - 下载文件 https://storage.googleapis.com/osv-vulnerabilities/all.zip 到 data/all.tmp 成功
2026-09-27 12:07:12,766 - osv_monitor - INFO - [+] 更新同步 all.zip 最后修改时间: 2026-09-27 12:05:08
2026-09-27 12:07:12,766 - osv_monitor - INFO - 已下载 all.zip
2026-09-27 12:07:12,766 - osv_monitor - INFO - [+] 同步 OSV 数据完成
2026-09-27 12:07:12,766 - osv_monitor - INFO - 同步完成
2026-09-27 12:11:48,741 - osv_monitor - INFO - 解压缩文件完成(按前缀分片): 解压 891587 个, 按前缀 ['CGA-'] 跳过 1083537 个, 清理顶层平铺残留 0 个
