2026-08-18 00:08:32,068 - osv_monitor - INFO - 开始同步OSV漏洞数据...
2026-08-18 00:08:32,069 - osv_monitor - INFO - 正在搜索主页的生态系统列表...
2026-08-18 00:08:32,069 - osv_monitor - INFO - 正在获取 https://storage.googleapis.com/osv-vulnerabilities/index.html 页面...
2026-08-18 00:08:34,780 - osv_monitor - INFO - 找到 102 个生态系统
2026-08-18 00:08:34,782 - osv_monitor - INFO - all.zip 需要更新
2026-08-18 00:08:42,906 - osv_monitor - INFO - 下载文件 https://storage.googleapis.com/osv-vulnerabilities/all.zip 到 data/all.tmp 成功
2026-08-18 00:08:42,908 - osv_monitor - INFO - [+] 更新同步 all.zip 最后修改时间: 2026-08-18 00:06:25
2026-08-18 00:08:42,908 - osv_monitor - INFO - 已下载 all.zip
2026-08-18 00:08:42,908 - osv_monitor - INFO - [+] 同步 OSV 数据完成
2026-08-18 00:08:42,909 - osv_monitor - INFO - 同步完成
2026-08-18 00:11:14,491 - osv_monitor - INFO - 解压缩文件完成
2026-08-18 12:19:44,886 - osv_monitor - INFO - 开始同步OSV漏洞数据...
2026-08-18 12:19:44,887 - osv_monitor - INFO - 正在搜索主页的生态系统列表...
2026-08-18 12:19:44,887 - osv_monitor - INFO - 正在获取 https://storage.googleapis.com/osv-vulnerabilities/index.html 页面...
2026-08-18 12:19:47,061 - osv_monitor - INFO - 找到 102 个生态系统
2026-08-18 12:19:47,063 - osv_monitor - INFO - all.zip 需要更新
2026-08-18 12:19:55,472 - osv_monitor - INFO - 下载文件 https://storage.googleapis.com/osv-vulnerabilities/all.zip 到 data/all.tmp 成功
2026-08-18 12:19:55,474 - osv_monitor - INFO - [+] 更新同步 all.zip 最后修改时间: 2026-08-18 12:06:26
2026-08-18 12:19:55,474 - osv_monitor - INFO - 已下载 all.zip
2026-08-18 12:19:55,474 - osv_monitor - INFO - [+] 同步 OSV 数据完成
2026-08-18 12:19:55,474 - osv_monitor - INFO - 同步完成
2026-08-18 12:22:26,857 - osv_monitor - INFO - 解压缩文件完成
