2026-10-02 00:10:50,574 - osv_monitor - INFO - 开始同步OSV漏洞数据...
2026-10-02 00:10:50,574 - osv_monitor - INFO - 正在搜索主页的生态系统列表...
2026-10-02 00:10:50,574 - osv_monitor - INFO - 正在获取 https://storage.googleapis.com/osv-vulnerabilities/index.html 页面...
2026-10-02 00:10:54,003 - osv_monitor - INFO - 找到 102 个生态系统
2026-10-02 00:10:54,004 - osv_monitor - INFO - all.zip 需要更新
2026-10-02 00:11:17,255 - osv_monitor - INFO - 下载文件 https://storage.googleapis.com/osv-vulnerabilities/all.zip 到 data/all.tmp 成功
2026-10-02 00:11:17,257 - osv_monitor - INFO - [+] 更新同步 all.zip 最后修改时间: 2026-10-02 00:03:06
2026-10-02 00:11:17,257 - osv_monitor - INFO - 已下载 all.zip
2026-10-02 00:11:17,257 - osv_monitor - INFO - [+] 同步 OSV 数据完成
2026-10-02 00:11:17,257 - osv_monitor - INFO - 同步完成
2026-10-02 00:15:50,902 - osv_monitor - INFO - 解压缩文件完成(按前缀分片): 解压 901638 个, 按前缀 ['CGA-'] 跳过 1103017 个, 清理顶层平铺残留 0 个
2026-10-02 12:08:57,989 - osv_monitor - INFO - 开始同步OSV漏洞数据...
2026-10-02 12:08:57,989 - osv_monitor - INFO - 正在搜索主页的生态系统列表...
2026-10-02 12:08:57,989 - osv_monitor - INFO - 正在获取 https://storage.googleapis.com/osv-vulnerabilities/index.html 页面...
2026-10-02 12:09:02,360 - osv_monitor - INFO - 找到 102 个生态系统
2026-10-02 12:09:02,361 - osv_monitor - INFO - all.zip 需要更新
2026-10-02 12:09:15,695 - osv_monitor - INFO - 下载文件 https://storage.googleapis.com/osv-vulnerabilities/all.zip 到 data/all.tmp 成功
2026-10-02 12:09:15,697 - osv_monitor - INFO - [+] 更新同步 all.zip 最后修改时间: 2026-10-02 11:48:02
2026-10-02 12:09:15,697 - osv_monitor - INFO - 已下载 all.zip
2026-10-02 12:09:15,697 - osv_monitor - INFO - [+] 同步 OSV 数据完成
2026-10-02 12:09:15,697 - osv_monitor - INFO - 同步完成
2026-10-02 12:13:19,918 - osv_monitor - INFO - 解压缩文件完成(按前缀分片): 解压 902116 个, 按前缀 ['CGA-'] 跳过 1103335 个, 清理顶层平铺残留 0 个
