2026-08-05 00:23:24,193 - osv_monitor - INFO - 开始同步OSV漏洞数据...
2026-08-05 00:23:24,193 - osv_monitor - INFO - 正在搜索主页的生态系统列表...
2026-08-05 00:23:24,193 - osv_monitor - INFO - 正在获取 https://storage.googleapis.com/osv-vulnerabilities/index.html 页面...
2026-08-05 00:23:26,851 - osv_monitor - INFO - 找到 102 个生态系统
2026-08-05 00:23:26,853 - osv_monitor - INFO - all.zip 需要更新
2026-08-05 00:23:39,931 - osv_monitor - INFO - 下载文件 https://storage.googleapis.com/osv-vulnerabilities/all.zip 到 data/all.tmp 成功
2026-08-05 00:23:39,933 - osv_monitor - INFO - [+] 更新同步 all.zip 最后修改时间: 2026-08-04 23:21:12
2026-08-05 00:23:39,933 - osv_monitor - INFO - 已下载 all.zip
2026-08-05 00:23:39,933 - osv_monitor - INFO - [+] 同步 OSV 数据完成
2026-08-05 00:23:39,933 - osv_monitor - INFO - 同步完成
2026-08-05 00:26:03,609 - osv_monitor - INFO - 解压缩文件完成
2026-08-05 12:35:29,896 - osv_monitor - INFO - 开始同步OSV漏洞数据...
2026-08-05 12:35:29,896 - osv_monitor - INFO - 正在搜索主页的生态系统列表...
2026-08-05 12:35:29,896 - osv_monitor - INFO - 正在获取 https://storage.googleapis.com/osv-vulnerabilities/index.html 页面...
2026-08-05 12:35:33,400 - osv_monitor - INFO - 找到 102 个生态系统
2026-08-05 12:35:33,401 - osv_monitor - INFO - all.zip 需要更新
2026-08-05 12:35:41,343 - osv_monitor - INFO - 下载文件 https://storage.googleapis.com/osv-vulnerabilities/all.zip 到 data/all.tmp 成功
2026-08-05 12:35:41,345 - osv_monitor - INFO - [+] 更新同步 all.zip 最后修改时间: 2026-08-05 12:06:07
2026-08-05 12:35:41,345 - osv_monitor - INFO - 已下载 all.zip
2026-08-05 12:35:41,345 - osv_monitor - INFO - [+] 同步 OSV 数据完成
2026-08-05 12:35:41,345 - osv_monitor - INFO - 同步完成
2026-08-05 12:37:46,264 - osv_monitor - INFO - 解压缩文件完成
