2026-07-13 00:20:55,240 - osv_monitor - INFO - 开始同步OSV漏洞数据...
2026-07-13 00:20:55,240 - osv_monitor - INFO - 正在搜索主页的生态系统列表...
2026-07-13 00:20:55,240 - osv_monitor - INFO - 正在获取 https://storage.googleapis.com/osv-vulnerabilities/index.html 页面...
2026-07-13 00:20:57,605 - osv_monitor - INFO - 找到 102 个生态系统
2026-07-13 00:20:57,606 - osv_monitor - INFO - all.zip 需要更新
2026-07-13 00:21:06,908 - osv_monitor - INFO - 下载文件 https://storage.googleapis.com/osv-vulnerabilities/all.zip 到 data/all.tmp 成功
2026-07-13 00:21:06,910 - osv_monitor - INFO - [+] 更新同步 all.zip 最后修改时间: 2026-07-13 00:08:20
2026-07-13 00:21:06,910 - osv_monitor - INFO - 已下载 all.zip
2026-07-13 00:21:06,910 - osv_monitor - INFO - [+] 同步 OSV 数据完成
2026-07-13 00:21:06,910 - osv_monitor - INFO - 同步完成
2026-07-13 00:23:23,583 - osv_monitor - INFO - 解压缩文件完成
2026-07-13 12:48:11,111 - osv_monitor - INFO - 开始同步OSV漏洞数据...
2026-07-13 12:48:11,111 - osv_monitor - INFO - 正在搜索主页的生态系统列表...
2026-07-13 12:48:11,111 - osv_monitor - INFO - 正在获取 https://storage.googleapis.com/osv-vulnerabilities/index.html 页面...
2026-07-13 12:48:13,282 - osv_monitor - INFO - 找到 102 个生态系统
2026-07-13 12:48:13,284 - osv_monitor - INFO - all.zip 需要更新
2026-07-13 12:48:20,379 - osv_monitor - INFO - 下载文件 https://storage.googleapis.com/osv-vulnerabilities/all.zip 到 data/all.tmp 成功
2026-07-13 12:48:20,381 - osv_monitor - INFO - [+] 更新同步 all.zip 最后修改时间: 2026-07-13 12:41:14
2026-07-13 12:48:20,381 - osv_monitor - INFO - 已下载 all.zip
2026-07-13 12:48:20,381 - osv_monitor - INFO - [+] 同步 OSV 数据完成
2026-07-13 12:48:20,381 - osv_monitor - INFO - 同步完成
2026-07-13 12:50:19,097 - osv_monitor - INFO - 解压缩文件完成
