2026-08-31 00:09:36,049 - osv_monitor - INFO - 开始同步OSV漏洞数据...
2026-08-31 00:09:36,049 - osv_monitor - INFO - 正在搜索主页的生态系统列表...
2026-08-31 00:09:36,049 - osv_monitor - INFO - 正在获取 https://storage.googleapis.com/osv-vulnerabilities/index.html 页面...
2026-08-31 00:09:38,318 - osv_monitor - INFO - 找到 102 个生态系统
2026-08-31 00:09:38,319 - osv_monitor - INFO - all.zip 需要更新
2026-08-31 00:09:51,181 - osv_monitor - INFO - 下载文件 https://storage.googleapis.com/osv-vulnerabilities/all.zip 到 data/all.tmp 成功
2026-08-31 00:09:51,183 - osv_monitor - INFO - [+] 更新同步 all.zip 最后修改时间: 2026-08-30 23:36:33
2026-08-31 00:09:51,183 - osv_monitor - INFO - 已下载 all.zip
2026-08-31 00:09:51,183 - osv_monitor - INFO - [+] 同步 OSV 数据完成
2026-08-31 00:09:51,183 - osv_monitor - INFO - 同步完成
2026-08-31 00:12:17,801 - osv_monitor - INFO - 解压缩文件完成
2026-08-31 12:07:41,168 - osv_monitor - INFO - 开始同步OSV漏洞数据...
2026-08-31 12:07:41,168 - osv_monitor - INFO - 正在搜索主页的生态系统列表...
2026-08-31 12:07:41,168 - osv_monitor - INFO - 正在获取 https://storage.googleapis.com/osv-vulnerabilities/index.html 页面...
2026-08-31 12:07:43,261 - osv_monitor - INFO - 找到 102 个生态系统
2026-08-31 12:07:43,263 - osv_monitor - INFO - all.zip 需要更新
2026-08-31 12:07:53,221 - osv_monitor - INFO - 下载文件 https://storage.googleapis.com/osv-vulnerabilities/all.zip 到 data/all.tmp 成功
2026-08-31 12:07:53,223 - osv_monitor - INFO - [+] 更新同步 all.zip 最后修改时间: 2026-08-31 12:06:38
2026-08-31 12:07:53,223 - osv_monitor - INFO - 已下载 all.zip
2026-08-31 12:07:53,223 - osv_monitor - INFO - [+] 同步 OSV 数据完成
2026-08-31 12:07:53,223 - osv_monitor - INFO - 同步完成
2026-08-31 12:10:36,191 - osv_monitor - INFO - 解压缩文件完成
