2026-07-04 00:24:15,906 - osv_monitor - INFO - 开始同步OSV漏洞数据...
2026-07-04 00:24:15,906 - osv_monitor - INFO - 正在搜索主页的生态系统列表...
2026-07-04 00:24:15,906 - osv_monitor - INFO - 正在获取 https://storage.googleapis.com/osv-vulnerabilities/index.html 页面...
2026-07-04 00:24:18,138 - osv_monitor - INFO - 找到 102 个生态系统
2026-07-04 00:24:18,140 - osv_monitor - INFO - all.zip 需要更新
2026-07-04 00:24:29,369 - osv_monitor - INFO - 下载文件 https://storage.googleapis.com/osv-vulnerabilities/all.zip 到 data/all.tmp 成功
2026-07-04 00:24:29,371 - osv_monitor - INFO - [+] 更新同步 all.zip 最后修改时间: 2026-07-04 00:10:10
2026-07-04 00:24:29,371 - osv_monitor - INFO - 已下载 all.zip
2026-07-04 00:24:29,371 - osv_monitor - INFO - [+] 同步 OSV 数据完成
2026-07-04 00:24:29,371 - osv_monitor - INFO - 同步完成
2026-07-04 00:26:33,841 - osv_monitor - INFO - 解压缩文件完成
2026-07-04 12:23:38,257 - osv_monitor - INFO - 开始同步OSV漏洞数据...
2026-07-04 12:23:38,257 - osv_monitor - INFO - 正在搜索主页的生态系统列表...
2026-07-04 12:23:38,257 - osv_monitor - INFO - 正在获取 https://storage.googleapis.com/osv-vulnerabilities/index.html 页面...
2026-07-04 12:23:41,493 - osv_monitor - INFO - 找到 102 个生态系统
2026-07-04 12:23:41,494 - osv_monitor - INFO - all.zip 需要更新
2026-07-04 12:23:53,179 - osv_monitor - INFO - 下载文件 https://storage.googleapis.com/osv-vulnerabilities/all.zip 到 data/all.tmp 成功
2026-07-04 12:23:53,181 - osv_monitor - INFO - [+] 更新同步 all.zip 最后修改时间: 2026-07-04 12:10:58
2026-07-04 12:23:53,181 - osv_monitor - INFO - 已下载 all.zip
2026-07-04 12:23:53,181 - osv_monitor - INFO - [+] 同步 OSV 数据完成
2026-07-04 12:23:53,181 - osv_monitor - INFO - 同步完成
2026-07-04 12:25:13,025 - osv_monitor - INFO - 解压缩文件完成
