2026-07-23 00:22:04,730 - osv_monitor - INFO - 开始同步OSV漏洞数据...
2026-07-23 00:22:04,731 - osv_monitor - INFO - 正在搜索主页的生态系统列表...
2026-07-23 00:22:04,731 - osv_monitor - INFO - 正在获取 https://storage.googleapis.com/osv-vulnerabilities/index.html 页面...
2026-07-23 00:22:07,119 - osv_monitor - INFO - 找到 102 个生态系统
2026-07-23 00:22:07,121 - osv_monitor - INFO - all.zip 需要更新
2026-07-23 00:22:19,781 - osv_monitor - INFO - 下载文件 https://storage.googleapis.com/osv-vulnerabilities/all.zip 到 data/all.tmp 成功
2026-07-23 00:22:19,783 - osv_monitor - INFO - [+] 更新同步 all.zip 最后修改时间: 2026-07-23 00:11:31
2026-07-23 00:22:19,783 - osv_monitor - INFO - 已下载 all.zip
2026-07-23 00:22:19,783 - osv_monitor - INFO - [+] 同步 OSV 数据完成
2026-07-23 00:22:19,783 - osv_monitor - INFO - 同步完成
2026-07-23 00:23:48,130 - osv_monitor - INFO - 解压缩文件完成
2026-07-23 12:31:43,281 - osv_monitor - INFO - 开始同步OSV漏洞数据...
2026-07-23 12:31:43,281 - osv_monitor - INFO - 正在搜索主页的生态系统列表...
2026-07-23 12:31:43,281 - osv_monitor - INFO - 正在获取 https://storage.googleapis.com/osv-vulnerabilities/index.html 页面...
2026-07-23 12:31:45,600 - osv_monitor - INFO - 找到 102 个生态系统
2026-07-23 12:31:45,602 - osv_monitor - INFO - all.zip 需要更新
2026-07-23 12:31:54,286 - osv_monitor - INFO - 下载文件 https://storage.googleapis.com/osv-vulnerabilities/all.zip 到 data/all.tmp 成功
2026-07-23 12:31:54,287 - osv_monitor - INFO - [+] 更新同步 all.zip 最后修改时间: 2026-07-23 12:12:26
2026-07-23 12:31:54,287 - osv_monitor - INFO - 已下载 all.zip
2026-07-23 12:31:54,287 - osv_monitor - INFO - [+] 同步 OSV 数据完成
2026-07-23 12:31:54,288 - osv_monitor - INFO - 同步完成
2026-07-23 12:34:13,825 - osv_monitor - INFO - 解压缩文件完成
