2026-09-29 00:08:45,558 - osv_monitor - INFO - 开始同步OSV漏洞数据...
2026-09-29 00:08:45,558 - osv_monitor - INFO - 正在搜索主页的生态系统列表...
2026-09-29 00:08:45,559 - osv_monitor - INFO - 正在获取 https://storage.googleapis.com/osv-vulnerabilities/index.html 页面...
2026-09-29 00:08:50,556 - osv_monitor - INFO - 找到 102 个生态系统
2026-09-29 00:08:50,558 - osv_monitor - INFO - all.zip 需要更新
2026-09-29 00:08:59,992 - osv_monitor - INFO - 下载文件 https://storage.googleapis.com/osv-vulnerabilities/all.zip 到 data/all.tmp 成功
2026-09-29 00:08:59,994 - osv_monitor - INFO - [+] 更新同步 all.zip 最后修改时间: 2026-09-28 23:32:00
2026-09-29 00:08:59,994 - osv_monitor - INFO - 已下载 all.zip
2026-09-29 00:08:59,994 - osv_monitor - INFO - [+] 同步 OSV 数据完成
2026-09-29 00:08:59,994 - osv_monitor - INFO - 同步完成
2026-09-29 00:12:58,216 - osv_monitor - INFO - 解压缩文件完成(按前缀分片): 解压 893115 个, 按前缀 ['CGA-'] 跳过 1083572 个, 清理顶层平铺残留 0 个
2026-09-29 12:10:03,875 - osv_monitor - INFO - 开始同步OSV漏洞数据...
2026-09-29 12:10:03,875 - osv_monitor - INFO - 正在搜索主页的生态系统列表...
2026-09-29 12:10:03,875 - osv_monitor - INFO - 正在获取 https://storage.googleapis.com/osv-vulnerabilities/index.html 页面...
2026-09-29 12:10:06,560 - osv_monitor - INFO - 找到 102 个生态系统
2026-09-29 12:10:06,561 - osv_monitor - INFO - all.zip 需要更新
2026-09-29 12:10:20,283 - osv_monitor - INFO - 下载文件 https://storage.googleapis.com/osv-vulnerabilities/all.zip 到 data/all.tmp 成功
2026-09-29 12:10:20,285 - osv_monitor - INFO - [+] 更新同步 all.zip 最后修改时间: 2026-09-29 12:03:17
2026-09-29 12:10:20,285 - osv_monitor - INFO - 已下载 all.zip
2026-09-29 12:10:20,285 - osv_monitor - INFO - [+] 同步 OSV 数据完成
2026-09-29 12:10:20,285 - osv_monitor - INFO - 同步完成
2026-09-29 12:14:53,488 - osv_monitor - INFO - 解压缩文件完成(按前缀分片): 解压 894117 个, 按前缀 ['CGA-'] 跳过 1085343 个, 清理顶层平铺残留 0 个
