2026-10-01 00:09:56,125 - osv_monitor - INFO - 开始同步OSV漏洞数据...
2026-10-01 00:09:56,125 - osv_monitor - INFO - 正在搜索主页的生态系统列表...
2026-10-01 00:09:56,125 - osv_monitor - INFO - 正在获取 https://storage.googleapis.com/osv-vulnerabilities/index.html 页面...
2026-10-01 00:09:59,797 - osv_monitor - INFO - 找到 102 个生态系统
2026-10-01 00:09:59,799 - osv_monitor - INFO - all.zip 需要更新
2026-10-01 00:10:09,273 - osv_monitor - INFO - 下载文件 https://storage.googleapis.com/osv-vulnerabilities/all.zip 到 data/all.tmp 成功
2026-10-01 00:10:09,275 - osv_monitor - INFO - [+] 更新同步 all.zip 最后修改时间: 2026-10-01 00:03:18
2026-10-01 00:10:09,275 - osv_monitor - INFO - 已下载 all.zip
2026-10-01 00:10:09,275 - osv_monitor - INFO - [+] 同步 OSV 数据完成
2026-10-01 00:10:09,275 - osv_monitor - INFO - 同步完成
2026-10-01 00:14:10,928 - osv_monitor - INFO - 解压缩文件完成(按前缀分片): 解压 897913 个, 按前缀 ['CGA-'] 跳过 1095561 个, 清理顶层平铺残留 0 个
2026-10-01 12:10:31,930 - osv_monitor - INFO - 开始同步OSV漏洞数据...
2026-10-01 12:10:31,930 - osv_monitor - INFO - 正在搜索主页的生态系统列表...
2026-10-01 12:10:31,931 - osv_monitor - INFO - 正在获取 https://storage.googleapis.com/osv-vulnerabilities/index.html 页面...
2026-10-01 12:10:36,785 - osv_monitor - INFO - 找到 102 个生态系统
2026-10-01 12:10:36,787 - osv_monitor - INFO - all.zip 需要更新
2026-10-01 12:10:45,412 - osv_monitor - INFO - 下载文件 https://storage.googleapis.com/osv-vulnerabilities/all.zip 到 data/all.tmp 成功
2026-10-01 12:10:45,414 - osv_monitor - INFO - [+] 更新同步 all.zip 最后修改时间: 2026-10-01 12:03:12
2026-10-01 12:10:45,414 - osv_monitor - INFO - 已下载 all.zip
2026-10-01 12:10:45,414 - osv_monitor - INFO - [+] 同步 OSV 数据完成
2026-10-01 12:10:45,414 - osv_monitor - INFO - 同步完成
2026-10-01 12:16:35,723 - osv_monitor - INFO - 解压缩文件完成(按前缀分片): 解压 900017 个, 按前缀 ['CGA-'] 跳过 1096471 个, 清理顶层平铺残留 0 个
