2026-10-03 00:09:08,558 - osv_monitor - INFO - 开始同步OSV漏洞数据...
2026-10-03 00:09:08,558 - osv_monitor - INFO - 正在搜索主页的生态系统列表...
2026-10-03 00:09:08,558 - osv_monitor - INFO - 正在获取 https://storage.googleapis.com/osv-vulnerabilities/index.html 页面...
2026-10-03 00:09:11,731 - osv_monitor - INFO - 找到 102 个生态系统
2026-10-03 00:09:11,732 - osv_monitor - INFO - all.zip 需要更新
2026-10-03 00:09:30,122 - osv_monitor - INFO - 下载文件 https://storage.googleapis.com/osv-vulnerabilities/all.zip 到 data/all.tmp 成功
2026-10-03 00:09:30,123 - osv_monitor - INFO - [+] 更新同步 all.zip 最后修改时间: 2026-10-03 00:03:15
2026-10-03 00:09:30,123 - osv_monitor - INFO - 已下载 all.zip
2026-10-03 00:09:30,123 - osv_monitor - INFO - [+] 同步 OSV 数据完成
2026-10-03 00:09:30,124 - osv_monitor - INFO - 同步完成
2026-10-03 00:13:14,371 - osv_monitor - INFO - 解压缩文件完成(按前缀分片): 解压 902914 个, 按前缀 ['CGA-'] 跳过 1107099 个, 清理顶层平铺残留 0 个
2026-10-03 13:30:15,977 - osv_monitor - INFO - 开始同步OSV漏洞数据...
2026-10-03 13:30:15,977 - osv_monitor - INFO - 正在搜索主页的生态系统列表...
2026-10-03 13:30:15,977 - osv_monitor - INFO - 正在获取 https://storage.googleapis.com/osv-vulnerabilities/index.html 页面...
2026-10-03 13:30:18,197 - osv_monitor - INFO - 找到 102 个生态系统
2026-10-03 13:30:18,199 - osv_monitor - INFO - all.zip 需要更新
2026-10-03 13:30:26,671 - osv_monitor - INFO - 下载文件 https://storage.googleapis.com/osv-vulnerabilities/all.zip 到 data/all.tmp 成功
2026-10-03 13:30:26,673 - osv_monitor - INFO - [+] 更新同步 all.zip 最后修改时间: 2026-10-03 13:03:06
2026-10-03 13:30:26,673 - osv_monitor - INFO - 已下载 all.zip
2026-10-03 13:30:26,673 - osv_monitor - INFO - [+] 同步 OSV 数据完成
2026-10-03 13:30:26,673 - osv_monitor - INFO - 同步完成
2026-10-03 13:34:28,328 - osv_monitor - INFO - 解压缩文件完成(按前缀分片): 解压 903290 个, 按前缀 ['CGA-'] 跳过 1107331 个, 清理顶层平铺残留 0 个
