2026-09-10 00:08:34,402 - osv_monitor - INFO - 开始同步OSV漏洞数据...
2026-09-10 00:08:34,403 - osv_monitor - INFO - 正在搜索主页的生态系统列表...
2026-09-10 00:08:34,403 - osv_monitor - INFO - 正在获取 https://storage.googleapis.com/osv-vulnerabilities/index.html 页面...
2026-09-10 00:08:36,670 - osv_monitor - INFO - 找到 102 个生态系统
2026-09-10 00:08:36,672 - osv_monitor - INFO - all.zip 需要更新
2026-09-10 00:08:47,432 - osv_monitor - INFO - 下载文件 https://storage.googleapis.com/osv-vulnerabilities/all.zip 到 data/all.tmp 成功
2026-09-10 00:08:47,434 - osv_monitor - INFO - [+] 更新同步 all.zip 最后修改时间: 2026-09-10 00:06:59
2026-09-10 00:08:47,434 - osv_monitor - INFO - 已下载 all.zip
2026-09-10 00:08:47,434 - osv_monitor - INFO - [+] 同步 OSV 数据完成
2026-09-10 00:08:47,434 - osv_monitor - INFO - 同步完成
2026-09-10 00:11:34,225 - osv_monitor - INFO - 解压缩文件完成: 解压 861721 个, 按前缀 ['CGA-'] 跳过 1046463 个
2026-09-10 12:07:37,303 - osv_monitor - INFO - 开始同步OSV漏洞数据...
2026-09-10 12:07:37,303 - osv_monitor - INFO - 正在搜索主页的生态系统列表...
2026-09-10 12:07:37,303 - osv_monitor - INFO - 正在获取 https://storage.googleapis.com/osv-vulnerabilities/index.html 页面...
2026-09-10 12:07:39,464 - osv_monitor - INFO - 找到 102 个生态系统
2026-09-10 12:07:39,466 - osv_monitor - INFO - all.zip 需要更新
2026-09-10 12:07:51,602 - osv_monitor - INFO - 下载文件 https://storage.googleapis.com/osv-vulnerabilities/all.zip 到 data/all.tmp 成功
2026-09-10 12:07:51,604 - osv_monitor - INFO - [+] 更新同步 all.zip 最后修改时间: 2026-09-10 12:07:02
2026-09-10 12:07:51,604 - osv_monitor - INFO - 已下载 all.zip
2026-09-10 12:07:51,604 - osv_monitor - INFO - [+] 同步 OSV 数据完成
2026-09-10 12:07:51,605 - osv_monitor - INFO - 同步完成
2026-09-10 12:10:40,585 - osv_monitor - INFO - 解压缩文件完成: 解压 862319 个, 按前缀 ['CGA-'] 跳过 1047157 个
