2026-09-11 00:08:23,787 - osv_monitor - INFO - 开始同步OSV漏洞数据...
2026-09-11 00:08:23,787 - osv_monitor - INFO - 正在搜索主页的生态系统列表...
2026-09-11 00:08:23,787 - osv_monitor - INFO - 正在获取 https://storage.googleapis.com/osv-vulnerabilities/index.html 页面...
2026-09-11 00:08:25,740 - osv_monitor - INFO - 找到 102 个生态系统
2026-09-11 00:08:25,741 - osv_monitor - INFO - all.zip 需要更新
2026-09-11 00:08:36,870 - osv_monitor - INFO - 下载文件 https://storage.googleapis.com/osv-vulnerabilities/all.zip 到 data/all.tmp 成功
2026-09-11 00:08:36,871 - osv_monitor - INFO - [+] 更新同步 all.zip 最后修改时间: 2026-09-10 23:47:55
2026-09-11 00:08:36,872 - osv_monitor - INFO - 已下载 all.zip
2026-09-11 00:08:36,872 - osv_monitor - INFO - [+] 同步 OSV 数据完成
2026-09-11 00:08:36,872 - osv_monitor - INFO - 同步完成
2026-09-11 00:11:13,312 - osv_monitor - INFO - 解压缩文件完成: 解压 864180 个, 按前缀 ['CGA-'] 跳过 1048536 个
2026-09-11 12:06:56,287 - osv_monitor - INFO - 开始同步OSV漏洞数据...
2026-09-11 12:06:56,287 - osv_monitor - INFO - 正在搜索主页的生态系统列表...
2026-09-11 12:06:56,287 - osv_monitor - INFO - 正在获取 https://storage.googleapis.com/osv-vulnerabilities/index.html 页面...
2026-09-11 12:06:58,211 - osv_monitor - INFO - 找到 102 个生态系统
2026-09-11 12:06:58,213 - osv_monitor - INFO - all.zip 需要更新
2026-09-11 12:07:16,643 - osv_monitor - INFO - 下载文件 https://storage.googleapis.com/osv-vulnerabilities/all.zip 到 data/all.tmp 成功
2026-09-11 12:07:16,646 - osv_monitor - INFO - [+] 更新同步 all.zip 最后修改时间: 2026-09-11 12:06:54
2026-09-11 12:07:16,646 - osv_monitor - INFO - 已下载 all.zip
2026-09-11 12:07:16,646 - osv_monitor - INFO - [+] 同步 OSV 数据完成
2026-09-11 12:07:16,646 - osv_monitor - INFO - 同步完成
2026-09-11 12:09:55,372 - osv_monitor - INFO - 解压缩文件完成: 解压 864622 个, 按前缀 ['CGA-'] 跳过 1049863 个
