2026-08-12 00:15:29,610 - osv_monitor - INFO - 开始同步OSV漏洞数据...
2026-08-12 00:15:29,610 - osv_monitor - INFO - 正在搜索主页的生态系统列表...
2026-08-12 00:15:29,610 - osv_monitor - INFO - 正在获取 https://storage.googleapis.com/osv-vulnerabilities/index.html 页面...
2026-08-12 00:15:32,906 - osv_monitor - INFO - 找到 102 个生态系统
2026-08-12 00:15:32,907 - osv_monitor - INFO - all.zip 需要更新
2026-08-12 00:15:41,202 - osv_monitor - INFO - 下载文件 https://storage.googleapis.com/osv-vulnerabilities/all.zip 到 data/all.tmp 成功
2026-08-12 00:15:41,204 - osv_monitor - INFO - [+] 更新同步 all.zip 最后修改时间: 2026-08-12 00:06:12
2026-08-12 00:15:41,204 - osv_monitor - INFO - 已下载 all.zip
2026-08-12 00:15:41,204 - osv_monitor - INFO - [+] 同步 OSV 数据完成
2026-08-12 00:15:41,204 - osv_monitor - INFO - 同步完成
2026-08-12 00:18:03,565 - osv_monitor - INFO - 解压缩文件完成
2026-08-12 12:16:52,853 - osv_monitor - INFO - 开始同步OSV漏洞数据...
2026-08-12 12:16:52,854 - osv_monitor - INFO - 正在搜索主页的生态系统列表...
2026-08-12 12:16:52,854 - osv_monitor - INFO - 正在获取 https://storage.googleapis.com/osv-vulnerabilities/index.html 页面...
2026-08-12 12:16:56,501 - osv_monitor - INFO - 找到 102 个生态系统
2026-08-12 12:16:56,502 - osv_monitor - INFO - all.zip 需要更新
2026-08-12 12:17:03,645 - osv_monitor - INFO - 下载文件 https://storage.googleapis.com/osv-vulnerabilities/all.zip 到 data/all.tmp 成功
2026-08-12 12:17:03,647 - osv_monitor - INFO - [+] 更新同步 all.zip 最后修改时间: 2026-08-12 12:06:44
2026-08-12 12:17:03,647 - osv_monitor - INFO - 已下载 all.zip
2026-08-12 12:17:03,647 - osv_monitor - INFO - [+] 同步 OSV 数据完成
2026-08-12 12:17:03,647 - osv_monitor - INFO - 同步完成
2026-08-12 12:19:19,340 - osv_monitor - INFO - 解压缩文件完成
