2026-09-13 00:08:30,398 - osv_monitor - INFO - 开始同步OSV漏洞数据...
2026-09-13 00:08:30,398 - osv_monitor - INFO - 正在搜索主页的生态系统列表...
2026-09-13 00:08:30,398 - osv_monitor - INFO - 正在获取 https://storage.googleapis.com/osv-vulnerabilities/index.html 页面...
2026-09-13 00:08:33,058 - osv_monitor - INFO - 找到 102 个生态系统
2026-09-13 00:08:33,060 - osv_monitor - INFO - all.zip 需要更新
2026-09-13 00:09:08,665 - osv_monitor - INFO - 下载文件 https://storage.googleapis.com/osv-vulnerabilities/all.zip 到 data/all.tmp 成功
2026-09-13 00:09:08,666 - osv_monitor - INFO - [+] 更新同步 all.zip 最后修改时间: 2026-09-12 23:10:47
2026-09-13 00:09:08,666 - osv_monitor - INFO - 已下载 all.zip
2026-09-13 00:09:08,666 - osv_monitor - INFO - [+] 同步 OSV 数据完成
2026-09-13 00:09:08,666 - osv_monitor - INFO - 同步完成
2026-09-13 00:11:33,929 - osv_monitor - INFO - 解压缩文件完成: 解压 866813 个, 按前缀 ['CGA-'] 跳过 1056249 个
2026-09-13 12:06:26,651 - osv_monitor - INFO - 开始同步OSV漏洞数据...
2026-09-13 12:06:26,651 - osv_monitor - INFO - 正在搜索主页的生态系统列表...
2026-09-13 12:06:26,651 - osv_monitor - INFO - 正在获取 https://storage.googleapis.com/osv-vulnerabilities/index.html 页面...
2026-09-13 12:06:28,800 - osv_monitor - INFO - 找到 102 个生态系统
2026-09-13 12:06:28,802 - osv_monitor - INFO - all.zip 需要更新
2026-09-13 12:06:39,869 - osv_monitor - INFO - 下载文件 https://storage.googleapis.com/osv-vulnerabilities/all.zip 到 data/all.tmp 成功
2026-09-13 12:06:39,871 - osv_monitor - INFO - [+] 更新同步 all.zip 最后修改时间: 2026-09-13 11:51:57
2026-09-13 12:06:39,871 - osv_monitor - INFO - 已下载 all.zip
2026-09-13 12:06:39,872 - osv_monitor - INFO - [+] 同步 OSV 数据完成
2026-09-13 12:06:39,872 - osv_monitor - INFO - 同步完成
2026-09-13 12:08:36,646 - osv_monitor - INFO - 解压缩文件完成: 解压 866880 个, 按前缀 ['CGA-'] 跳过 1056257 个
