2026-08-07 01:09:51,417 - osv_monitor - INFO - 开始同步OSV漏洞数据...
2026-08-07 01:09:51,417 - osv_monitor - INFO - 正在搜索主页的生态系统列表...
2026-08-07 01:09:51,417 - osv_monitor - INFO - 正在获取 https://storage.googleapis.com/osv-vulnerabilities/index.html 页面...
2026-08-07 01:09:54,551 - osv_monitor - INFO - 找到 102 个生态系统
2026-08-07 01:09:54,553 - osv_monitor - INFO - all.zip 需要更新
2026-08-07 01:10:05,546 - osv_monitor - INFO - 下载文件 https://storage.googleapis.com/osv-vulnerabilities/all.zip 到 data/all.tmp 成功
2026-08-07 01:10:05,548 - osv_monitor - INFO - [+] 更新同步 all.zip 最后修改时间: 2026-08-07 01:06:03
2026-08-07 01:10:05,548 - osv_monitor - INFO - 已下载 all.zip
2026-08-07 01:10:05,548 - osv_monitor - INFO - [+] 同步 OSV 数据完成
2026-08-07 01:10:05,548 - osv_monitor - INFO - 同步完成
2026-08-07 01:12:23,491 - osv_monitor - INFO - 解压缩文件完成
2026-08-07 12:16:52,687 - osv_monitor - INFO - 开始同步OSV漏洞数据...
2026-08-07 12:16:52,687 - osv_monitor - INFO - 正在搜索主页的生态系统列表...
2026-08-07 12:16:52,687 - osv_monitor - INFO - 正在获取 https://storage.googleapis.com/osv-vulnerabilities/index.html 页面...
2026-08-07 12:16:54,718 - osv_monitor - INFO - 找到 102 个生态系统
2026-08-07 12:16:54,720 - osv_monitor - INFO - all.zip 需要更新
2026-08-07 12:17:00,124 - osv_monitor - INFO - 下载文件 https://storage.googleapis.com/osv-vulnerabilities/all.zip 到 data/all.tmp 成功
2026-08-07 12:17:00,126 - osv_monitor - INFO - [+] 更新同步 all.zip 最后修改时间: 2026-08-07 12:06:00
2026-08-07 12:17:00,126 - osv_monitor - INFO - 已下载 all.zip
2026-08-07 12:17:00,126 - osv_monitor - INFO - [+] 同步 OSV 数据完成
2026-08-07 12:17:00,126 - osv_monitor - INFO - 同步完成
2026-08-07 12:19:16,790 - osv_monitor - INFO - 解压缩文件完成
