2026-07-19 00:20:53,655 - osv_monitor - INFO - 开始同步OSV漏洞数据...
2026-07-19 00:20:53,656 - osv_monitor - INFO - 正在搜索主页的生态系统列表...
2026-07-19 00:20:53,656 - osv_monitor - INFO - 正在获取 https://storage.googleapis.com/osv-vulnerabilities/index.html 页面...
2026-07-19 00:20:57,892 - osv_monitor - INFO - 找到 102 个生态系统
2026-07-19 00:20:57,893 - osv_monitor - INFO - all.zip 需要更新
2026-07-19 00:21:08,433 - osv_monitor - INFO - 下载文件 https://storage.googleapis.com/osv-vulnerabilities/all.zip 到 data/all.tmp 成功
2026-07-19 00:21:08,436 - osv_monitor - INFO - [+] 更新同步 all.zip 最后修改时间: 2026-07-19 00:11:09
2026-07-19 00:21:08,436 - osv_monitor - INFO - 已下载 all.zip
2026-07-19 00:21:08,436 - osv_monitor - INFO - [+] 同步 OSV 数据完成
2026-07-19 00:21:08,436 - osv_monitor - INFO - 同步完成
2026-07-19 00:23:28,455 - osv_monitor - INFO - 解压缩文件完成
2026-07-19 12:18:03,410 - osv_monitor - INFO - 开始同步OSV漏洞数据...
2026-07-19 12:18:03,411 - osv_monitor - INFO - 正在搜索主页的生态系统列表...
2026-07-19 12:18:03,411 - osv_monitor - INFO - 正在获取 https://storage.googleapis.com/osv-vulnerabilities/index.html 页面...
2026-07-19 12:18:07,739 - osv_monitor - INFO - 找到 102 个生态系统
2026-07-19 12:18:07,741 - osv_monitor - INFO - all.zip 需要更新
2026-07-19 12:18:12,718 - osv_monitor - INFO - 下载文件 https://storage.googleapis.com/osv-vulnerabilities/all.zip 到 data/all.tmp 成功
2026-07-19 12:18:12,720 - osv_monitor - INFO - [+] 更新同步 all.zip 最后修改时间: 2026-07-19 12:10:16
2026-07-19 12:18:12,720 - osv_monitor - INFO - 已下载 all.zip
2026-07-19 12:18:12,720 - osv_monitor - INFO - [+] 同步 OSV 数据完成
2026-07-19 12:18:12,720 - osv_monitor - INFO - 同步完成
2026-07-19 12:20:14,049 - osv_monitor - INFO - 解压缩文件完成
