2026-08-14 00:15:50,415 - osv_monitor - INFO - 开始同步OSV漏洞数据...
2026-08-14 00:15:50,415 - osv_monitor - INFO - 正在搜索主页的生态系统列表...
2026-08-14 00:15:50,415 - osv_monitor - INFO - 正在获取 https://storage.googleapis.com/osv-vulnerabilities/index.html 页面...
2026-08-14 00:15:52,385 - osv_monitor - INFO - 找到 102 个生态系统
2026-08-14 00:15:52,387 - osv_monitor - INFO - all.zip 需要更新
2026-08-14 00:16:01,438 - osv_monitor - INFO - 下载文件 https://storage.googleapis.com/osv-vulnerabilities/all.zip 到 data/all.tmp 成功
2026-08-14 00:16:01,439 - osv_monitor - INFO - [+] 更新同步 all.zip 最后修改时间: 2026-08-13 23:21:12
2026-08-14 00:16:01,439 - osv_monitor - INFO - 已下载 all.zip
2026-08-14 00:16:01,440 - osv_monitor - INFO - [+] 同步 OSV 数据完成
2026-08-14 00:16:01,440 - osv_monitor - INFO - 同步完成
2026-08-14 00:18:29,739 - osv_monitor - INFO - 解压缩文件完成
2026-08-14 12:16:37,655 - osv_monitor - INFO - 开始同步OSV漏洞数据...
2026-08-14 12:16:37,655 - osv_monitor - INFO - 正在搜索主页的生态系统列表...
2026-08-14 12:16:37,655 - osv_monitor - INFO - 正在获取 https://storage.googleapis.com/osv-vulnerabilities/index.html 页面...
2026-08-14 12:16:40,540 - osv_monitor - INFO - 找到 102 个生态系统
2026-08-14 12:16:40,541 - osv_monitor - INFO - all.zip 需要更新
2026-08-14 12:16:45,793 - osv_monitor - INFO - 下载文件 https://storage.googleapis.com/osv-vulnerabilities/all.zip 到 data/all.tmp 成功
2026-08-14 12:16:45,795 - osv_monitor - INFO - [+] 更新同步 all.zip 最后修改时间: 2026-08-14 12:06:11
2026-08-14 12:16:45,795 - osv_monitor - INFO - 已下载 all.zip
2026-08-14 12:16:45,795 - osv_monitor - INFO - [+] 同步 OSV 数据完成
2026-08-14 12:16:45,795 - osv_monitor - INFO - 同步完成
2026-08-14 12:19:01,874 - osv_monitor - INFO - 解压缩文件完成
