2026-07-31 00:24:06,682 - osv_monitor - INFO - 开始同步OSV漏洞数据...
2026-07-31 00:24:06,682 - osv_monitor - INFO - 正在搜索主页的生态系统列表...
2026-07-31 00:24:06,682 - osv_monitor - INFO - 正在获取 https://storage.googleapis.com/osv-vulnerabilities/index.html 页面...
2026-07-31 00:24:08,874 - osv_monitor - INFO - 找到 102 个生态系统
2026-07-31 00:24:08,876 - osv_monitor - INFO - all.zip 需要更新
2026-07-31 00:24:20,054 - osv_monitor - INFO - 下载文件 https://storage.googleapis.com/osv-vulnerabilities/all.zip 到 data/all.tmp 成功
2026-07-31 00:24:20,056 - osv_monitor - INFO - [+] 更新同步 all.zip 最后修改时间: 2026-07-31 00:21:06
2026-07-31 00:24:20,056 - osv_monitor - INFO - 已下载 all.zip
2026-07-31 00:24:20,056 - osv_monitor - INFO - [+] 同步 OSV 数据完成
2026-07-31 00:24:20,056 - osv_monitor - INFO - 同步完成
2026-07-31 00:26:26,425 - osv_monitor - INFO - 解压缩文件完成
2026-07-31 12:37:17,570 - osv_monitor - INFO - 开始同步OSV漏洞数据...
2026-07-31 12:37:17,570 - osv_monitor - INFO - 正在搜索主页的生态系统列表...
2026-07-31 12:37:17,570 - osv_monitor - INFO - 正在获取 https://storage.googleapis.com/osv-vulnerabilities/index.html 页面...
2026-07-31 12:37:19,634 - osv_monitor - INFO - 找到 102 个生态系统
2026-07-31 12:37:19,635 - osv_monitor - INFO - all.zip 需要更新
2026-07-31 12:37:29,669 - osv_monitor - INFO - 下载文件 https://storage.googleapis.com/osv-vulnerabilities/all.zip 到 data/all.tmp 成功
2026-07-31 12:37:29,671 - osv_monitor - INFO - [+] 更新同步 all.zip 最后修改时间: 2026-07-31 12:36:15
2026-07-31 12:37:29,671 - osv_monitor - INFO - 已下载 all.zip
2026-07-31 12:37:29,671 - osv_monitor - INFO - [+] 同步 OSV 数据完成
2026-07-31 12:37:29,671 - osv_monitor - INFO - 同步完成
2026-07-31 12:39:33,088 - osv_monitor - INFO - 解压缩文件完成
