2026-08-03 00:24:00,794 - osv_monitor - INFO - 开始同步OSV漏洞数据...
2026-08-03 00:24:00,794 - osv_monitor - INFO - 正在搜索主页的生态系统列表...
2026-08-03 00:24:00,794 - osv_monitor - INFO - 正在获取 https://storage.googleapis.com/osv-vulnerabilities/index.html 页面...
2026-08-03 00:24:03,786 - osv_monitor - INFO - 找到 102 个生态系统
2026-08-03 00:24:03,788 - osv_monitor - INFO - all.zip 需要更新
2026-08-03 00:24:12,933 - osv_monitor - INFO - 下载文件 https://storage.googleapis.com/osv-vulnerabilities/all.zip 到 data/all.tmp 成功
2026-08-03 00:24:12,935 - osv_monitor - INFO - [+] 更新同步 all.zip 最后修改时间: 2026-08-03 00:07:05
2026-08-03 00:24:12,935 - osv_monitor - INFO - 已下载 all.zip
2026-08-03 00:24:12,935 - osv_monitor - INFO - [+] 同步 OSV 数据完成
2026-08-03 00:24:12,935 - osv_monitor - INFO - 同步完成
2026-08-03 00:26:37,123 - osv_monitor - INFO - 解压缩文件完成
2026-08-03 13:02:23,347 - osv_monitor - INFO - 开始同步OSV漏洞数据...
2026-08-03 13:02:23,347 - osv_monitor - INFO - 正在搜索主页的生态系统列表...
2026-08-03 13:02:23,347 - osv_monitor - INFO - 正在获取 https://storage.googleapis.com/osv-vulnerabilities/index.html 页面...
2026-08-03 13:02:25,569 - osv_monitor - INFO - 找到 102 个生态系统
2026-08-03 13:02:25,570 - osv_monitor - INFO - all.zip 需要更新
2026-08-03 13:02:35,246 - osv_monitor - INFO - 下载文件 https://storage.googleapis.com/osv-vulnerabilities/all.zip 到 data/all.tmp 成功
2026-08-03 13:02:35,248 - osv_monitor - INFO - [+] 更新同步 all.zip 最后修改时间: 2026-08-03 12:37:16
2026-08-03 13:02:35,248 - osv_monitor - INFO - 已下载 all.zip
2026-08-03 13:02:35,248 - osv_monitor - INFO - [+] 同步 OSV 数据完成
2026-08-03 13:02:35,248 - osv_monitor - INFO - 同步完成
2026-08-03 13:04:55,380 - osv_monitor - INFO - 解压缩文件完成
