2026-08-23 00:07:58,269 - osv_monitor - INFO - 开始同步OSV漏洞数据...
2026-08-23 00:07:58,269 - osv_monitor - INFO - 正在搜索主页的生态系统列表...
2026-08-23 00:07:58,270 - osv_monitor - INFO - 正在获取 https://storage.googleapis.com/osv-vulnerabilities/index.html 页面...
2026-08-23 00:08:00,235 - osv_monitor - INFO - 找到 102 个生态系统
2026-08-23 00:08:00,237 - osv_monitor - INFO - all.zip 需要更新
2026-08-23 00:08:07,608 - osv_monitor - INFO - 下载文件 https://storage.googleapis.com/osv-vulnerabilities/all.zip 到 data/all.tmp 成功
2026-08-23 00:08:07,610 - osv_monitor - INFO - [+] 更新同步 all.zip 最后修改时间: 2026-08-23 00:05:52
2026-08-23 00:08:07,610 - osv_monitor - INFO - 已下载 all.zip
2026-08-23 00:08:07,610 - osv_monitor - INFO - [+] 同步 OSV 数据完成
2026-08-23 00:08:07,610 - osv_monitor - INFO - 同步完成
2026-08-23 00:10:43,344 - osv_monitor - INFO - 解压缩文件完成
2026-08-23 12:07:32,043 - osv_monitor - INFO - 开始同步OSV漏洞数据...
2026-08-23 12:07:32,043 - osv_monitor - INFO - 正在搜索主页的生态系统列表...
2026-08-23 12:07:32,043 - osv_monitor - INFO - 正在获取 https://storage.googleapis.com/osv-vulnerabilities/index.html 页面...
2026-08-23 12:07:33,901 - osv_monitor - INFO - 找到 102 个生态系统
2026-08-23 12:07:33,902 - osv_monitor - INFO - all.zip 需要更新
2026-08-23 12:07:38,761 - osv_monitor - INFO - 下载文件 https://storage.googleapis.com/osv-vulnerabilities/all.zip 到 data/all.tmp 成功
2026-08-23 12:07:38,763 - osv_monitor - INFO - [+] 更新同步 all.zip 最后修改时间: 2026-08-23 11:35:53
2026-08-23 12:07:38,763 - osv_monitor - INFO - 已下载 all.zip
2026-08-23 12:07:38,763 - osv_monitor - INFO - [+] 同步 OSV 数据完成
2026-08-23 12:07:38,763 - osv_monitor - INFO - 同步完成
2026-08-23 12:10:01,018 - osv_monitor - INFO - 解压缩文件完成
