2026-09-30 00:09:24,868 - osv_monitor - INFO - 开始同步OSV漏洞数据...
2026-09-30 00:09:24,868 - osv_monitor - INFO - 正在搜索主页的生态系统列表...
2026-09-30 00:09:24,869 - osv_monitor - INFO - 正在获取 https://storage.googleapis.com/osv-vulnerabilities/index.html 页面...
2026-09-30 00:09:26,460 - osv_monitor - INFO - 找到 102 个生态系统
2026-09-30 00:09:26,461 - osv_monitor - INFO - all.zip 需要更新
2026-09-30 00:09:42,017 - osv_monitor - INFO - 下载文件 https://storage.googleapis.com/osv-vulnerabilities/all.zip 到 data/all.tmp 成功
2026-09-30 00:09:42,019 - osv_monitor - INFO - [+] 更新同步 all.zip 最后修改时间: 2026-09-30 00:03:38
2026-09-30 00:09:42,019 - osv_monitor - INFO - 已下载 all.zip
2026-09-30 00:09:42,019 - osv_monitor - INFO - [+] 同步 OSV 数据完成
2026-09-30 00:09:42,019 - osv_monitor - INFO - 同步完成
2026-09-30 00:13:39,876 - osv_monitor - INFO - 解压缩文件完成(按前缀分片): 解压 895244 个, 按前缀 ['CGA-'] 跳过 1090744 个, 清理顶层平铺残留 0 个
2026-09-30 12:08:47,390 - osv_monitor - INFO - 开始同步OSV漏洞数据...
2026-09-30 12:08:47,390 - osv_monitor - INFO - 正在搜索主页的生态系统列表...
2026-09-30 12:08:47,390 - osv_monitor - INFO - 正在获取 https://storage.googleapis.com/osv-vulnerabilities/index.html 页面...
2026-09-30 12:08:49,305 - osv_monitor - INFO - 找到 102 个生态系统
2026-09-30 12:08:49,306 - osv_monitor - INFO - all.zip 需要更新
2026-09-30 12:09:02,387 - osv_monitor - INFO - 下载文件 https://storage.googleapis.com/osv-vulnerabilities/all.zip 到 data/all.tmp 成功
2026-09-30 12:09:02,389 - osv_monitor - INFO - [+] 更新同步 all.zip 最后修改时间: 2026-09-30 12:03:26
2026-09-30 12:09:02,389 - osv_monitor - INFO - 已下载 all.zip
2026-09-30 12:09:02,389 - osv_monitor - INFO - [+] 同步 OSV 数据完成
2026-09-30 12:09:02,389 - osv_monitor - INFO - 同步完成
2026-09-30 12:13:28,240 - osv_monitor - INFO - 解压缩文件完成(按前缀分片): 解压 896017 个, 按前缀 ['CGA-'] 跳过 1090913 个, 清理顶层平铺残留 0 个
