2026-09-14 00:08:10,445 - osv_monitor - INFO - 开始同步OSV漏洞数据...
2026-09-14 00:08:10,445 - osv_monitor - INFO - 正在搜索主页的生态系统列表...
2026-09-14 00:08:10,445 - osv_monitor - INFO - 正在获取 https://storage.googleapis.com/osv-vulnerabilities/index.html 页面...
2026-09-14 00:08:12,990 - osv_monitor - INFO - 找到 102 个生态系统
2026-09-14 00:08:12,992 - osv_monitor - INFO - all.zip 需要更新
2026-09-14 00:08:21,415 - osv_monitor - INFO - 下载文件 https://storage.googleapis.com/osv-vulnerabilities/all.zip 到 data/all.tmp 成功
2026-09-14 00:08:21,417 - osv_monitor - INFO - [+] 更新同步 all.zip 最后修改时间: 2026-09-13 23:42:59
2026-09-14 00:08:21,417 - osv_monitor - INFO - 已下载 all.zip
2026-09-14 00:08:21,417 - osv_monitor - INFO - [+] 同步 OSV 数据完成
2026-09-14 00:08:21,417 - osv_monitor - INFO - 同步完成
2026-09-14 00:11:08,684 - osv_monitor - INFO - 解压缩文件完成: 解压 867209 个, 按前缀 ['CGA-'] 跳过 1056259 个
2026-09-14 12:06:36,763 - osv_monitor - INFO - 开始同步OSV漏洞数据...
2026-09-14 12:06:36,763 - osv_monitor - INFO - 正在搜索主页的生态系统列表...
2026-09-14 12:06:36,764 - osv_monitor - INFO - 正在获取 https://storage.googleapis.com/osv-vulnerabilities/index.html 页面...
2026-09-14 12:06:38,563 - osv_monitor - INFO - 找到 102 个生态系统
2026-09-14 12:06:38,564 - osv_monitor - INFO - all.zip 需要更新
2026-09-14 12:06:51,128 - osv_monitor - INFO - 下载文件 https://storage.googleapis.com/osv-vulnerabilities/all.zip 到 data/all.tmp 成功
2026-09-14 12:06:51,130 - osv_monitor - INFO - [+] 更新同步 all.zip 最后修改时间: 2026-09-14 11:48:06
2026-09-14 12:06:51,130 - osv_monitor - INFO - 已下载 all.zip
2026-09-14 12:06:51,130 - osv_monitor - INFO - [+] 同步 OSV 数据完成
2026-09-14 12:06:51,131 - osv_monitor - INFO - 同步完成
2026-09-14 12:09:36,881 - osv_monitor - INFO - 解压缩文件完成: 解压 867853 个, 按前缀 ['CGA-'] 跳过 1056259 个
