2026-08-24 00:07:56,670 - osv_monitor - INFO - 开始同步OSV漏洞数据...
2026-08-24 00:07:56,670 - osv_monitor - INFO - 正在搜索主页的生态系统列表...
2026-08-24 00:07:56,671 - osv_monitor - INFO - 正在获取 https://storage.googleapis.com/osv-vulnerabilities/index.html 页面...
2026-08-24 00:07:58,816 - osv_monitor - INFO - 找到 102 个生态系统
2026-08-24 00:07:58,817 - osv_monitor - INFO - all.zip 需要更新
2026-08-24 00:08:14,089 - osv_monitor - INFO - 下载文件 https://storage.googleapis.com/osv-vulnerabilities/all.zip 到 data/all.tmp 成功
2026-08-24 00:08:14,091 - osv_monitor - INFO - [+] 更新同步 all.zip 最后修改时间: 2026-08-23 22:50:52
2026-08-24 00:08:14,091 - osv_monitor - INFO - 已下载 all.zip
2026-08-24 00:08:14,091 - osv_monitor - INFO - [+] 同步 OSV 数据完成
2026-08-24 00:08:14,091 - osv_monitor - INFO - 同步完成
2026-08-24 00:10:51,554 - osv_monitor - INFO - 解压缩文件完成
2026-08-24 12:10:45,589 - osv_monitor - INFO - 开始同步OSV漏洞数据...
2026-08-24 12:10:45,589 - osv_monitor - INFO - 正在搜索主页的生态系统列表...
2026-08-24 12:10:45,589 - osv_monitor - INFO - 正在获取 https://storage.googleapis.com/osv-vulnerabilities/index.html 页面...
2026-08-24 12:10:48,424 - osv_monitor - INFO - 找到 102 个生态系统
2026-08-24 12:10:48,425 - osv_monitor - INFO - all.zip 需要更新
2026-08-24 12:10:58,666 - osv_monitor - INFO - 下载文件 https://storage.googleapis.com/osv-vulnerabilities/all.zip 到 data/all.tmp 成功
2026-08-24 12:10:58,667 - osv_monitor - INFO - [+] 更新同步 all.zip 最后修改时间: 2026-08-24 12:05:50
2026-08-24 12:10:58,667 - osv_monitor - INFO - 已下载 all.zip
2026-08-24 12:10:58,667 - osv_monitor - INFO - [+] 同步 OSV 数据完成
2026-08-24 12:10:58,668 - osv_monitor - INFO - 同步完成
2026-08-24 12:12:57,086 - osv_monitor - INFO - 解压缩文件完成
