2026-07-21 00:22:08,454 - osv_monitor - INFO - 开始同步OSV漏洞数据...
2026-07-21 00:22:08,455 - osv_monitor - INFO - 正在搜索主页的生态系统列表...
2026-07-21 00:22:08,455 - osv_monitor - INFO - 正在获取 https://storage.googleapis.com/osv-vulnerabilities/index.html 页面...
2026-07-21 00:22:10,521 - osv_monitor - INFO - 找到 102 个生态系统
2026-07-21 00:22:10,523 - osv_monitor - INFO - all.zip 需要更新
2026-07-21 00:22:18,692 - osv_monitor - INFO - 下载文件 https://storage.googleapis.com/osv-vulnerabilities/all.zip 到 data/all.tmp 成功
2026-07-21 00:22:18,694 - osv_monitor - INFO - [+] 更新同步 all.zip 最后修改时间: 2026-07-20 23:41:06
2026-07-21 00:22:18,694 - osv_monitor - INFO - 已下载 all.zip
2026-07-21 00:22:18,694 - osv_monitor - INFO - [+] 同步 OSV 数据完成
2026-07-21 00:22:18,694 - osv_monitor - INFO - 同步完成
2026-07-21 00:24:18,446 - osv_monitor - INFO - 解压缩文件完成
2026-07-21 12:32:27,694 - osv_monitor - INFO - 开始同步OSV漏洞数据...
2026-07-21 12:32:27,694 - osv_monitor - INFO - 正在搜索主页的生态系统列表...
2026-07-21 12:32:27,694 - osv_monitor - INFO - 正在获取 https://storage.googleapis.com/osv-vulnerabilities/index.html 页面...
2026-07-21 12:32:31,070 - osv_monitor - INFO - 找到 102 个生态系统
2026-07-21 12:32:31,071 - osv_monitor - INFO - all.zip 需要更新
2026-07-21 12:32:38,308 - osv_monitor - INFO - 下载文件 https://storage.googleapis.com/osv-vulnerabilities/all.zip 到 data/all.tmp 成功
2026-07-21 12:32:38,310 - osv_monitor - INFO - [+] 更新同步 all.zip 最后修改时间: 2026-07-21 12:12:25
2026-07-21 12:32:38,310 - osv_monitor - INFO - 已下载 all.zip
2026-07-21 12:32:38,311 - osv_monitor - INFO - [+] 同步 OSV 数据完成
2026-07-21 12:32:38,311 - osv_monitor - INFO - 同步完成
2026-07-21 12:34:45,267 - osv_monitor - INFO - 解压缩文件完成
