2026-09-17 00:07:26,474 - osv_monitor - INFO - 开始同步OSV漏洞数据...
2026-09-17 00:07:26,475 - osv_monitor - INFO - 正在搜索主页的生态系统列表...
2026-09-17 00:07:26,475 - osv_monitor - INFO - 正在获取 https://storage.googleapis.com/osv-vulnerabilities/index.html 页面...
2026-09-17 00:07:28,478 - osv_monitor - INFO - 找到 102 个生态系统
2026-09-17 00:07:28,480 - osv_monitor - INFO - all.zip 需要更新
2026-09-17 00:07:44,092 - osv_monitor - INFO - 下载文件 https://storage.googleapis.com/osv-vulnerabilities/all.zip 到 data/all.tmp 成功
2026-09-17 00:07:44,093 - osv_monitor - INFO - [+] 更新同步 all.zip 最后修改时间: 2026-09-17 00:07:10
2026-09-17 00:07:44,093 - osv_monitor - INFO - 已下载 all.zip
2026-09-17 00:07:44,094 - osv_monitor - INFO - [+] 同步 OSV 数据完成
2026-09-17 00:07:44,094 - osv_monitor - INFO - 同步完成
2026-09-17 00:10:26,015 - osv_monitor - INFO - 解压缩文件完成: 解压 871147 个, 按前缀 ['CGA-'] 跳过 1063562 个
2026-09-17 12:08:46,114 - osv_monitor - INFO - 开始同步OSV漏洞数据...
2026-09-17 12:08:46,114 - osv_monitor - INFO - 正在搜索主页的生态系统列表...
2026-09-17 12:08:46,114 - osv_monitor - INFO - 正在获取 https://storage.googleapis.com/osv-vulnerabilities/index.html 页面...
2026-09-17 12:08:47,953 - osv_monitor - INFO - 找到 102 个生态系统
2026-09-17 12:08:47,954 - osv_monitor - INFO - all.zip 需要更新
2026-09-17 12:09:06,533 - osv_monitor - INFO - 下载文件 https://storage.googleapis.com/osv-vulnerabilities/all.zip 到 data/all.tmp 成功
2026-09-17 12:09:06,535 - osv_monitor - INFO - [+] 更新同步 all.zip 最后修改时间: 2026-09-17 12:07:16
2026-09-17 12:09:06,535 - osv_monitor - INFO - 已下载 all.zip
2026-09-17 12:09:06,535 - osv_monitor - INFO - [+] 同步 OSV 数据完成
2026-09-17 12:09:06,535 - osv_monitor - INFO - 同步完成
2026-09-17 12:11:37,368 - osv_monitor - INFO - 解压缩文件完成: 解压 871947 个, 按前缀 ['CGA-'] 跳过 1064580 个
