2026-08-22 00:11:43,617 - osv_monitor - INFO - 开始同步OSV漏洞数据...
2026-08-22 00:11:43,617 - osv_monitor - INFO - 正在搜索主页的生态系统列表...
2026-08-22 00:11:43,617 - osv_monitor - INFO - 正在获取 https://storage.googleapis.com/osv-vulnerabilities/index.html 页面...
2026-08-22 00:11:47,771 - osv_monitor - INFO - 找到 102 个生态系统
2026-08-22 00:11:47,773 - osv_monitor - INFO - all.zip 需要更新
2026-08-22 00:12:04,616 - osv_monitor - INFO - 下载文件 https://storage.googleapis.com/osv-vulnerabilities/all.zip 到 data/all.tmp 成功
2026-08-22 00:12:04,618 - osv_monitor - INFO - [+] 更新同步 all.zip 最后修改时间: 2026-08-22 00:05:57
2026-08-22 00:12:04,618 - osv_monitor - INFO - 已下载 all.zip
2026-08-22 00:12:04,619 - osv_monitor - INFO - [+] 同步 OSV 数据完成
2026-08-22 00:12:04,619 - osv_monitor - INFO - 同步完成
2026-08-22 00:15:35,841 - osv_monitor - INFO - 解压缩文件完成
2026-08-22 12:07:34,012 - osv_monitor - INFO - 开始同步OSV漏洞数据...
2026-08-22 12:07:34,012 - osv_monitor - INFO - 正在搜索主页的生态系统列表...
2026-08-22 12:07:34,012 - osv_monitor - INFO - 正在获取 https://storage.googleapis.com/osv-vulnerabilities/index.html 页面...
2026-08-22 12:07:37,456 - osv_monitor - INFO - 找到 102 个生态系统
2026-08-22 12:07:37,457 - osv_monitor - INFO - all.zip 需要更新
2026-08-22 12:07:42,805 - osv_monitor - INFO - 下载文件 https://storage.googleapis.com/osv-vulnerabilities/all.zip 到 data/all.tmp 成功
2026-08-22 12:07:42,807 - osv_monitor - INFO - [+] 更新同步 all.zip 最后修改时间: 2026-08-22 12:05:56
2026-08-22 12:07:42,807 - osv_monitor - INFO - 已下载 all.zip
2026-08-22 12:07:42,808 - osv_monitor - INFO - [+] 同步 OSV 数据完成
2026-08-22 12:07:42,808 - osv_monitor - INFO - 同步完成
2026-08-22 12:10:03,198 - osv_monitor - INFO - 解压缩文件完成
