2026-09-02 00:08:50,318 - osv_monitor - INFO - 开始同步OSV漏洞数据...
2026-09-02 00:08:50,318 - osv_monitor - INFO - 正在搜索主页的生态系统列表...
2026-09-02 00:08:50,318 - osv_monitor - INFO - 正在获取 https://storage.googleapis.com/osv-vulnerabilities/index.html 页面...
2026-09-02 00:08:52,195 - osv_monitor - INFO - 找到 102 个生态系统
2026-09-02 00:08:52,197 - osv_monitor - INFO - all.zip 需要更新
2026-09-02 00:09:05,172 - osv_monitor - INFO - 下载文件 https://storage.googleapis.com/osv-vulnerabilities/all.zip 到 data/all.tmp 成功
2026-09-02 00:09:05,174 - osv_monitor - INFO - [+] 更新同步 all.zip 最后修改时间: 2026-09-01 23:36:30
2026-09-02 00:09:05,174 - osv_monitor - INFO - 已下载 all.zip
2026-09-02 00:09:05,174 - osv_monitor - INFO - [+] 同步 OSV 数据完成
2026-09-02 00:09:05,174 - osv_monitor - INFO - 同步完成
2026-09-02 00:11:32,649 - osv_monitor - INFO - 解压缩文件完成
2026-09-02 12:08:06,657 - osv_monitor - INFO - 开始同步OSV漏洞数据...
2026-09-02 12:08:06,657 - osv_monitor - INFO - 正在搜索主页的生态系统列表...
2026-09-02 12:08:06,657 - osv_monitor - INFO - 正在获取 https://storage.googleapis.com/osv-vulnerabilities/index.html 页面...
2026-09-02 12:08:10,235 - osv_monitor - INFO - 找到 102 个生态系统
2026-09-02 12:08:10,237 - osv_monitor - INFO - all.zip 需要更新
2026-09-02 12:08:18,316 - osv_monitor - INFO - 下载文件 https://storage.googleapis.com/osv-vulnerabilities/all.zip 到 data/all.tmp 成功
2026-09-02 12:08:18,318 - osv_monitor - INFO - [+] 更新同步 all.zip 最后修改时间: 2026-09-02 12:05:01
2026-09-02 12:08:18,318 - osv_monitor - INFO - 已下载 all.zip
2026-09-02 12:08:18,318 - osv_monitor - INFO - [+] 同步 OSV 数据完成
2026-09-02 12:08:18,318 - osv_monitor - INFO - 同步完成
2026-09-02 12:10:42,337 - osv_monitor - INFO - 解压缩文件完成
