2026-07-22 00:20:06,617 - osv_monitor - INFO - 开始同步OSV漏洞数据...
2026-07-22 00:20:06,617 - osv_monitor - INFO - 正在搜索主页的生态系统列表...
2026-07-22 00:20:06,617 - osv_monitor - INFO - 正在获取 https://storage.googleapis.com/osv-vulnerabilities/index.html 页面...
2026-07-22 00:20:08,550 - osv_monitor - INFO - 找到 102 个生态系统
2026-07-22 00:20:08,552 - osv_monitor - INFO - all.zip 需要更新
2026-07-22 00:20:14,841 - osv_monitor - INFO - 下载文件 https://storage.googleapis.com/osv-vulnerabilities/all.zip 到 data/all.tmp 成功
2026-07-22 00:20:14,843 - osv_monitor - INFO - [+] 更新同步 all.zip 最后修改时间: 2026-07-22 00:11:51
2026-07-22 00:20:14,843 - osv_monitor - INFO - 已下载 all.zip
2026-07-22 00:20:14,843 - osv_monitor - INFO - [+] 同步 OSV 数据完成
2026-07-22 00:20:14,843 - osv_monitor - INFO - 同步完成
2026-07-22 00:22:16,433 - osv_monitor - INFO - 解压缩文件完成
2026-07-22 12:32:59,777 - osv_monitor - INFO - 开始同步OSV漏洞数据...
2026-07-22 12:32:59,777 - osv_monitor - INFO - 正在搜索主页的生态系统列表...
2026-07-22 12:32:59,777 - osv_monitor - INFO - 正在获取 https://storage.googleapis.com/osv-vulnerabilities/index.html 页面...
2026-07-22 12:33:02,761 - osv_monitor - INFO - 找到 102 个生态系统
2026-07-22 12:33:02,762 - osv_monitor - INFO - all.zip 需要更新
2026-07-22 12:33:10,166 - osv_monitor - INFO - 下载文件 https://storage.googleapis.com/osv-vulnerabilities/all.zip 到 data/all.tmp 成功
2026-07-22 12:33:10,167 - osv_monitor - INFO - [+] 更新同步 all.zip 最后修改时间: 2026-07-22 11:57:01
2026-07-22 12:33:10,167 - osv_monitor - INFO - 已下载 all.zip
2026-07-22 12:33:10,167 - osv_monitor - INFO - [+] 同步 OSV 数据完成
2026-07-22 12:33:10,167 - osv_monitor - INFO - 同步完成
2026-07-22 12:36:00,302 - osv_monitor - INFO - 解压缩文件完成
