2026-07-20 00:22:47,245 - osv_monitor - INFO - 开始同步OSV漏洞数据...
2026-07-20 00:22:47,245 - osv_monitor - INFO - 正在搜索主页的生态系统列表...
2026-07-20 00:22:47,245 - osv_monitor - INFO - 正在获取 https://storage.googleapis.com/osv-vulnerabilities/index.html 页面...
2026-07-20 00:22:51,481 - osv_monitor - INFO - 找到 102 个生态系统
2026-07-20 00:22:51,482 - osv_monitor - INFO - all.zip 需要更新
2026-07-20 00:22:58,878 - osv_monitor - INFO - 下载文件 https://storage.googleapis.com/osv-vulnerabilities/all.zip 到 data/all.tmp 成功
2026-07-20 00:22:58,880 - osv_monitor - INFO - [+] 更新同步 all.zip 最后修改时间: 2026-07-19 23:55:11
2026-07-20 00:22:58,880 - osv_monitor - INFO - 已下载 all.zip
2026-07-20 00:22:58,880 - osv_monitor - INFO - [+] 同步 OSV 数据完成
2026-07-20 00:22:58,880 - osv_monitor - INFO - 同步完成
2026-07-20 00:25:12,934 - osv_monitor - INFO - 解压缩文件完成
2026-07-20 12:42:53,755 - osv_monitor - INFO - 开始同步OSV漏洞数据...
2026-07-20 12:42:53,755 - osv_monitor - INFO - 正在搜索主页的生态系统列表...
2026-07-20 12:42:53,755 - osv_monitor - INFO - 正在获取 https://storage.googleapis.com/osv-vulnerabilities/index.html 页面...
2026-07-20 12:42:56,991 - osv_monitor - INFO - 找到 102 个生态系统
2026-07-20 12:42:56,992 - osv_monitor - INFO - all.zip 需要更新
2026-07-20 12:43:01,915 - osv_monitor - INFO - 下载文件 https://storage.googleapis.com/osv-vulnerabilities/all.zip 到 data/all.tmp 成功
2026-07-20 12:43:01,916 - osv_monitor - INFO - [+] 更新同步 all.zip 最后修改时间: 2026-07-20 12:09:36
2026-07-20 12:43:01,916 - osv_monitor - INFO - 已下载 all.zip
2026-07-20 12:43:01,917 - osv_monitor - INFO - [+] 同步 OSV 数据完成
2026-07-20 12:43:01,917 - osv_monitor - INFO - 同步完成
2026-07-20 12:45:19,508 - osv_monitor - INFO - 解压缩文件完成
