2026-07-26 00:23:28,270 - osv_monitor - INFO - 开始同步OSV漏洞数据...
2026-07-26 00:23:28,271 - osv_monitor - INFO - 正在搜索主页的生态系统列表...
2026-07-26 00:23:28,271 - osv_monitor - INFO - 正在获取 https://storage.googleapis.com/osv-vulnerabilities/index.html 页面...
2026-07-26 00:23:30,383 - osv_monitor - INFO - 找到 102 个生态系统
2026-07-26 00:23:30,385 - osv_monitor - INFO - all.zip 需要更新
2026-07-26 00:23:35,660 - osv_monitor - INFO - 下载文件 https://storage.googleapis.com/osv-vulnerabilities/all.zip 到 data/all.tmp 成功
2026-07-26 00:23:35,662 - osv_monitor - INFO - [+] 更新同步 all.zip 最后修改时间: 2026-07-25 22:27:28
2026-07-26 00:23:35,662 - osv_monitor - INFO - 已下载 all.zip
2026-07-26 00:23:35,662 - osv_monitor - INFO - [+] 同步 OSV 数据完成
2026-07-26 00:23:35,662 - osv_monitor - INFO - 同步完成
2026-07-26 00:25:52,496 - osv_monitor - INFO - 解压缩文件完成
2026-07-26 12:22:34,186 - osv_monitor - INFO - 开始同步OSV漏洞数据...
2026-07-26 12:22:34,187 - osv_monitor - INFO - 正在搜索主页的生态系统列表...
2026-07-26 12:22:34,187 - osv_monitor - INFO - 正在获取 https://storage.googleapis.com/osv-vulnerabilities/index.html 页面...
2026-07-26 12:22:36,213 - osv_monitor - INFO - 找到 102 个生态系统
2026-07-26 12:22:36,215 - osv_monitor - INFO - all.zip 需要更新
2026-07-26 12:22:41,201 - osv_monitor - INFO - 下载文件 https://storage.googleapis.com/osv-vulnerabilities/all.zip 到 data/all.tmp 成功
2026-07-26 12:22:41,203 - osv_monitor - INFO - [+] 更新同步 all.zip 最后修改时间: 2026-07-26 11:12:16
2026-07-26 12:22:41,203 - osv_monitor - INFO - 已下载 all.zip
2026-07-26 12:22:41,203 - osv_monitor - INFO - [+] 同步 OSV 数据完成
2026-07-26 12:22:41,203 - osv_monitor - INFO - 同步完成
2026-07-26 12:24:48,614 - osv_monitor - INFO - 解压缩文件完成
