2026-08-11 00:11:32,124 - osv_monitor - INFO - 开始同步OSV漏洞数据...
2026-08-11 00:11:32,124 - osv_monitor - INFO - 正在搜索主页的生态系统列表...
2026-08-11 00:11:32,124 - osv_monitor - INFO - 正在获取 https://storage.googleapis.com/osv-vulnerabilities/index.html 页面...
2026-08-11 00:11:35,288 - osv_monitor - INFO - 找到 102 个生态系统
2026-08-11 00:11:35,290 - osv_monitor - INFO - all.zip 需要更新
2026-08-11 00:11:41,531 - osv_monitor - INFO - 下载文件 https://storage.googleapis.com/osv-vulnerabilities/all.zip 到 data/all.tmp 成功
2026-08-11 00:11:41,533 - osv_monitor - INFO - [+] 更新同步 all.zip 最后修改时间: 2026-08-10 23:36:11
2026-08-11 00:11:41,533 - osv_monitor - INFO - 已下载 all.zip
2026-08-11 00:11:41,533 - osv_monitor - INFO - [+] 同步 OSV 数据完成
2026-08-11 00:11:41,533 - osv_monitor - INFO - 同步完成
2026-08-11 00:13:57,036 - osv_monitor - INFO - 解压缩文件完成
2026-08-11 12:16:45,477 - osv_monitor - INFO - 开始同步OSV漏洞数据...
2026-08-11 12:16:45,477 - osv_monitor - INFO - 正在搜索主页的生态系统列表...
2026-08-11 12:16:45,477 - osv_monitor - INFO - 正在获取 https://storage.googleapis.com/osv-vulnerabilities/index.html 页面...
2026-08-11 12:16:48,174 - osv_monitor - INFO - 找到 102 个生态系统
2026-08-11 12:16:48,176 - osv_monitor - INFO - all.zip 需要更新
2026-08-11 12:16:59,563 - osv_monitor - INFO - 下载文件 https://storage.googleapis.com/osv-vulnerabilities/all.zip 到 data/all.tmp 成功
2026-08-11 12:16:59,565 - osv_monitor - INFO - [+] 更新同步 all.zip 最后修改时间: 2026-08-11 12:06:11
2026-08-11 12:16:59,565 - osv_monitor - INFO - 已下载 all.zip
2026-08-11 12:16:59,565 - osv_monitor - INFO - [+] 同步 OSV 数据完成
2026-08-11 12:16:59,565 - osv_monitor - INFO - 同步完成
2026-08-11 12:19:23,803 - osv_monitor - INFO - 解压缩文件完成
