2026-08-10 00:10:50,444 - osv_monitor - INFO - 开始同步OSV漏洞数据...
2026-08-10 00:10:50,444 - osv_monitor - INFO - 正在搜索主页的生态系统列表...
2026-08-10 00:10:50,444 - osv_monitor - INFO - 正在获取 https://storage.googleapis.com/osv-vulnerabilities/index.html 页面...
2026-08-10 00:10:54,090 - osv_monitor - INFO - 找到 102 个生态系统
2026-08-10 00:10:54,092 - osv_monitor - INFO - all.zip 需要更新
2026-08-10 00:11:04,069 - osv_monitor - INFO - 下载文件 https://storage.googleapis.com/osv-vulnerabilities/all.zip 到 data/all.tmp 成功
2026-08-10 00:11:04,072 - osv_monitor - INFO - [+] 更新同步 all.zip 最后修改时间: 2026-08-09 23:06:11
2026-08-10 00:11:04,072 - osv_monitor - INFO - 已下载 all.zip
2026-08-10 00:11:04,072 - osv_monitor - INFO - [+] 同步 OSV 数据完成
2026-08-10 00:11:04,072 - osv_monitor - INFO - 同步完成
2026-08-10 00:13:16,192 - osv_monitor - INFO - 解压缩文件完成
2026-08-10 12:16:12,944 - osv_monitor - INFO - 开始同步OSV漏洞数据...
2026-08-10 12:16:12,945 - osv_monitor - INFO - 正在搜索主页的生态系统列表...
2026-08-10 12:16:12,945 - osv_monitor - INFO - 正在获取 https://storage.googleapis.com/osv-vulnerabilities/index.html 页面...
2026-08-10 12:16:14,951 - osv_monitor - INFO - 找到 102 个生态系统
2026-08-10 12:16:14,953 - osv_monitor - INFO - all.zip 需要更新
2026-08-10 12:16:22,087 - osv_monitor - INFO - 下载文件 https://storage.googleapis.com/osv-vulnerabilities/all.zip 到 data/all.tmp 成功
2026-08-10 12:16:22,089 - osv_monitor - INFO - [+] 更新同步 all.zip 最后修改时间: 2026-08-10 12:06:37
2026-08-10 12:16:22,089 - osv_monitor - INFO - 已下载 all.zip
2026-08-10 12:16:22,089 - osv_monitor - INFO - [+] 同步 OSV 数据完成
2026-08-10 12:16:22,089 - osv_monitor - INFO - 同步完成
2026-08-10 12:18:48,363 - osv_monitor - INFO - 解压缩文件完成
