2026-08-19 00:08:43,531 - osv_monitor - INFO - 开始同步OSV漏洞数据...
2026-08-19 00:08:43,532 - osv_monitor - INFO - 正在搜索主页的生态系统列表...
2026-08-19 00:08:43,532 - osv_monitor - INFO - 正在获取 https://storage.googleapis.com/osv-vulnerabilities/index.html 页面...
2026-08-19 00:08:45,716 - osv_monitor - INFO - 找到 102 个生态系统
2026-08-19 00:08:45,717 - osv_monitor - INFO - all.zip 需要更新
2026-08-19 00:08:56,276 - osv_monitor - INFO - 下载文件 https://storage.googleapis.com/osv-vulnerabilities/all.zip 到 data/all.tmp 成功
2026-08-19 00:08:56,278 - osv_monitor - INFO - [+] 更新同步 all.zip 最后修改时间: 2026-08-19 00:06:18
2026-08-19 00:08:56,278 - osv_monitor - INFO - 已下载 all.zip
2026-08-19 00:08:56,278 - osv_monitor - INFO - [+] 同步 OSV 数据完成
2026-08-19 00:08:56,278 - osv_monitor - INFO - 同步完成
2026-08-19 00:11:32,110 - osv_monitor - INFO - 解压缩文件完成
2026-08-19 12:33:21,695 - osv_monitor - INFO - 开始同步OSV漏洞数据...
2026-08-19 12:33:21,696 - osv_monitor - INFO - 正在搜索主页的生态系统列表...
2026-08-19 12:33:21,696 - osv_monitor - INFO - 正在获取 https://storage.googleapis.com/osv-vulnerabilities/index.html 页面...
2026-08-19 12:33:23,671 - osv_monitor - INFO - 找到 102 个生态系统
2026-08-19 12:33:23,673 - osv_monitor - INFO - all.zip 需要更新
2026-08-19 12:33:30,616 - osv_monitor - INFO - 下载文件 https://storage.googleapis.com/osv-vulnerabilities/all.zip 到 data/all.tmp 成功
2026-08-19 12:33:30,617 - osv_monitor - INFO - [+] 更新同步 all.zip 最后修改时间: 2026-08-19 12:21:29
2026-08-19 12:33:30,618 - osv_monitor - INFO - 已下载 all.zip
2026-08-19 12:33:30,618 - osv_monitor - INFO - [+] 同步 OSV 数据完成
2026-08-19 12:33:30,618 - osv_monitor - INFO - 同步完成
2026-08-19 12:36:04,447 - osv_monitor - INFO - 解压缩文件完成
